2026-05-17 03:18:02 | INFO | main:main:16 - Iniciando Elden Ring Armor Studio...
2026-05-17 03:18:02 | DEBUG | parts_explorer_panel:perform_database_search:52 - Ejecutando búsqueda de armaduras con query: ''
2026-05-17 03:18:04 | INFO | witchy_service:process_file:22 - WitchyBND procesando: bd_m_1361.partsbnd.dcx
2026-05-17 03:18:05 | INFO | witchy_service:process_file:40 - WitchyBND completado: bd_m_1361.partsbnd.dcx
2026-05-17 03:18:05 | INFO | main_window:load_model_into_viewer:151 - Buscando geometría .flver en los archivos extraídos...
2026-05-17 03:18:05 | INFO | main_window:load_model_into_viewer:165 - FLVER encontrado: ElfDGBD.flver. Iniciando parseo...
2026-05-17 03:18:05 | INFO | flver_parser:extract_geometry_for_gl:16 - Leyendo estructura binaria directa desde: ElfDGBD.flver
2026-05-17 03:18:05 | DEBUG | flver_parser:extract_geometry_for_gl:32 - FLVER Header: Meshes=0, Buffers=10
2026-05-17 03:18:05 | INFO | flver_parser:extract_geometry_for_gl:88 - Geometría binaria procesada nativamente: 35965 vértices.
2026-05-17 03:18:15 | INFO | witchy_service:process_file:22 - WitchyBND procesando: am_m_1360.partsbnd.dcx
2026-05-17 03:18:15 | INFO | witchy_service:process_file:40 - WitchyBND completado: am_m_1360.partsbnd.dcx
2026-05-17 03:18:15 | INFO | main_window:load_model_into_viewer:151 - Buscando geometría .flver en los archivos extraídos...
2026-05-17 03:18:15 | INFO | main_window:load_model_into_viewer:165 - FLVER encontrado: ElfDGAM.flver. Iniciando parseo...
2026-05-17 03:18:15 | INFO | flver_parser:extract_geometry_for_gl:16 - Leyendo estructura binaria directa desde: ElfDGAM.flver
2026-05-17 03:18:15 | DEBUG | flver_parser:extract_geometry_for_gl:32 - FLVER Header: Meshes=0, Buffers=10
2026-05-17 03:18:15 | INFO | flver_parser:extract_geometry_for_gl:88 - Geometría binaria procesada nativamente: 28110 vértices.
2026-05-17 03:18:34 | INFO | witchy_service:process_file:22 - WitchyBND procesando: lg_m_1360_l.partsbnd.dcx
2026-05-17 03:18:34 | INFO | witchy_service:process_file:40 - WitchyBND completado: lg_m_1360_l.partsbnd.dcx
2026-05-17 03:18:34 | INFO | main_window:load_model_into_viewer:151 - Buscando geometría .flver en los archivos extraídos...
2026-05-17 03:18:34 | INFO | main_window:load_model_into_viewer:165 - FLVER encontrado: ElfDGLG.flver. Iniciando parseo...
2026-05-17 03:18:34 | INFO | flver_parser:extract_geometry_for_gl:16 - Leyendo estructura binaria directa desde: ElfDGLG.flver
2026-05-17 03:18:34 | DEBUG | flver_parser:extract_geometry_for_gl:32 - FLVER Header: Meshes=0, Buffers=10
2026-05-17 03:18:34 | INFO | flver_parser:extract_geometry_for_gl:88 - Geometría binaria procesada nativamente: 21477 vértices.
2026-05-17 03:18:41 | INFO | witchy_service:process_file:22 - WitchyBND procesando: lg_m_1360.partsbnd.dcx
2026-05-17 03:18:41 | INFO | witchy_service:process_file:40 - WitchyBND completado: lg_m_1360.partsbnd.dcx
2026-05-17 03:18:41 | INFO | main_window:load_model_into_viewer:151 - Buscando geometría .flver en los archivos extraídos...
2026-05-17 03:18:41 | INFO | main_window:load_model_into_viewer:165 - FLVER encontrado: ElfDGLG.flver. Iniciando parseo...
2026-05-17 03:18:41 | INFO | flver_parser:extract_geometry_for_gl:16 - Leyendo estructura binaria directa desde: ElfDGLG.flver
2026-05-17 03:18:41 | DEBUG | flver_parser:extract_geometry_for_gl:32 - FLVER Header: Meshes=0, Buffers=10
2026-05-17 03:18:41 | INFO | flver_parser:extract_geometry_for_gl:88 - Geometría binaria procesada nativamente: 21477 vértices.
