2026-05-17 03:27:50 | INFO | main:main:16 - Iniciando Elden Ring Armor Studio...
2026-05-17 03:27:50 | DEBUG | parts_explorer_panel:perform_database_search:52 - Ejecutando búsqueda de armaduras con query: ''
2026-05-17 03:27:52 | INFO | witchy_service:process_file:22 - WitchyBND procesando: bd_m_1361_l.partsbnd.dcx
2026-05-17 03:27:53 | INFO | witchy_service:process_file:40 - WitchyBND completado: bd_m_1361_l.partsbnd.dcx
2026-05-17 03:27:53 | INFO | main_window:load_model_into_viewer:155 - Buscando geometría .flver en los archivos extraídos...
2026-05-17 03:27:53 | INFO | main_window:load_model_into_viewer:169 - FLVER encontrado: ElfDGBD.flver. Iniciando parseo...
2026-05-17 03:27:53 | INFO | flver_parser:extract_geometry_for_gl:16 - Abriendo binario FLVER estructurado: ElfDGBD.flver
2026-05-17 03:27:53 | INFO | flver_parser:extract_geometry_for_gl:103 - Geometría cargada de forma limpia: 8097 vértices.
2026-05-17 03:28:02 | INFO | witchy_service:process_file:22 - WitchyBND procesando: hd_m_1360.partsbnd.dcx
2026-05-17 03:28:02 | INFO | witchy_service:process_file:40 - WitchyBND completado: hd_m_1360.partsbnd.dcx
2026-05-17 03:28:02 | INFO | main_window:load_model_into_viewer:155 - Buscando geometría .flver en los archivos extraídos...
2026-05-17 03:28:02 | INFO | main_window:load_model_into_viewer:169 - FLVER encontrado: ElfDGHD.flver. Iniciando parseo...
2026-05-17 03:28:02 | INFO | flver_parser:extract_geometry_for_gl:16 - Abriendo binario FLVER estructurado: ElfDGHD.flver
2026-05-17 03:28:02 | INFO | flver_parser:extract_geometry_for_gl:103 - Geometría cargada de forma limpia: 98396 vértices.
2026-05-17 03:28:10 | INFO | witchy_service:process_file:22 - WitchyBND procesando: lg_m_1360_l.partsbnd.dcx
2026-05-17 03:28:11 | INFO | witchy_service:process_file:40 - WitchyBND completado: lg_m_1360_l.partsbnd.dcx
2026-05-17 03:28:11 | INFO | main_window:load_model_into_viewer:155 - Buscando geometría .flver en los archivos extraídos...
2026-05-17 03:28:11 | INFO | main_window:load_model_into_viewer:169 - FLVER encontrado: ElfDGLG.flver. Iniciando parseo...
2026-05-17 03:28:11 | INFO | flver_parser:extract_geometry_for_gl:16 - Abriendo binario FLVER estructurado: ElfDGLG.flver
2026-05-17 03:28:11 | INFO | flver_parser:extract_geometry_for_gl:103 - Geometría cargada de forma limpia: 4854 vértices.
