2026-05-17 14:32:20 | INFO | main:main:20 - Iniciando Elden Ring Armor Studio...
2026-05-17 14:32:21 | DEBUG | parts_explorer_panel:perform_database_search:79 - Ejecutando búsqueda de armaduras con query: ''
2026-05-17 14:32:35 | INFO | witchy_service:process_file:34 - WitchyBND procesando: am_m_1360.partsbnd.dcx
2026-05-17 14:32:35 | INFO | witchy_service:process_file:45 - WitchyBND completado: am_m_1360.partsbnd.dcx
2026-05-17 14:32:35 | INFO | main_window:_on_file_selected:187 - FLVER encontrado: ElfDGAM.flver. Iniciando parseo binario...
2026-05-17 14:32:35 | INFO | flver_parser:extract_geometry_for_gl:135 - FLVER v0x2001a: meshes=4, face_sets=4, vb_count=24, layouts=3, data_off=0x6440
2026-05-17 14:32:35 | DEBUG | flver_parser:extract_geometry_for_gl:171 -   off_meshes=0x2ac0  off_facesets=0x2b80  off_vbuffers=0x2c00  off_layouts=0x2f00
2026-05-17 14:32:35 | DEBUG | flver_parser:extract_geometry_for_gl:214 -   Layouts parseados: 3
2026-05-17 14:32:35 | DEBUG | flver_parser:extract_geometry_for_gl:247 -   VBuffers meta leídos: 24
2026-05-17 14:32:35 | ERROR | flver_parser:extract_geometry_for_gl:435 - No se extrajo geometría válida del FLVER
2026-05-17 14:33:04 | DEBUG | parts_explorer_panel:perform_database_search:79 - Ejecutando búsqueda de armaduras con query: 'ye'
2026-05-17 14:33:06 | DEBUG | parts_explorer_panel:perform_database_search:79 - Ejecutando búsqueda de armaduras con query: ''
2026-05-17 14:33:09 | DEBUG | parts_explorer_panel:perform_database_search:79 - Ejecutando búsqueda de armaduras con query: ''
2026-05-17 14:33:10 | DEBUG | parts_explorer_panel:perform_database_search:79 - Ejecutando búsqueda de armaduras con query: ''
2026-05-17 14:33:11 | DEBUG | parts_explorer_panel:perform_database_search:79 - Ejecutando búsqueda de armaduras con query: ''
2026-05-17 14:33:12 | DEBUG | parts_explorer_panel:perform_database_search:79 - Ejecutando búsqueda de armaduras con query: ''
2026-05-17 14:33:12 | INFO | parts_explorer_panel:perform_database_search:92 - No se encontraron resultados para la búsqueda.
2026-05-17 14:33:13 | DEBUG | parts_explorer_panel:perform_database_search:79 - Ejecutando búsqueda de armaduras con query: ''
2026-05-17 14:33:36 | INFO | scraper_service:populate_mock_data:44 - Iniciando inyección de datos del catálogo de armaduras...
2026-05-17 14:33:36 | INFO | scraper_service:populate_mock_data:48 - Base de datos poblada con éxito. 24 entradas.
2026-05-17 14:34:20 | INFO | flver_editor_service:open_model:29 - FLVER Editor lanzado para: am_m_1360.partsbnd.dcx
2026-05-17 14:34:30 | INFO | scraper_service:populate_mock_data:44 - Iniciando inyección de datos del catálogo de armaduras...
2026-05-17 14:34:30 | INFO | scraper_service:populate_mock_data:48 - Base de datos poblada con éxito. 24 entradas.
2026-05-17 14:34:30 | DEBUG | parts_explorer_panel:perform_database_search:79 - Ejecutando búsqueda de armaduras con query: ''
2026-05-17 14:34:36 | INFO | scraper_service:populate_mock_data:44 - Iniciando inyección de datos del catálogo de armaduras...
2026-05-17 14:34:36 | INFO | scraper_service:populate_mock_data:48 - Base de datos poblada con éxito. 24 entradas.
2026-05-17 14:34:36 | DEBUG | parts_explorer_panel:perform_database_search:79 - Ejecutando búsqueda de armaduras con query: ''
2026-05-17 14:34:38 | INFO | scraper_service:populate_mock_data:44 - Iniciando inyección de datos del catálogo de armaduras...
2026-05-17 14:34:38 | INFO | scraper_service:populate_mock_data:48 - Base de datos poblada con éxito. 24 entradas.
2026-05-17 14:34:38 | DEBUG | parts_explorer_panel:perform_database_search:79 - Ejecutando búsqueda de armaduras con query: ''
2026-05-17 14:36:09 | INFO | witchy_service:process_file:34 - WitchyBND procesando: lg_m_1360.partsbnd.dcx
2026-05-17 14:36:10 | INFO | witchy_service:process_file:45 - WitchyBND completado: lg_m_1360.partsbnd.dcx
2026-05-17 14:36:10 | INFO | main_window:_on_file_selected:187 - FLVER encontrado: ElfDGLG.flver. Iniciando parseo binario...
2026-05-17 14:36:10 | INFO | flver_parser:extract_geometry_for_gl:135 - FLVER v0x2001a: meshes=2, face_sets=2, vb_count=12, layouts=3, data_off=0x61b0
2026-05-17 14:36:10 | DEBUG | flver_parser:extract_geometry_for_gl:171 -   off_meshes=0x2ac0  off_facesets=0x2b20  off_vbuffers=0x2b60  off_layouts=0x2ce0
2026-05-17 14:36:10 | DEBUG | flver_parser:extract_geometry_for_gl:214 -   Layouts parseados: 3
2026-05-17 14:36:10 | DEBUG | flver_parser:extract_geometry_for_gl:247 -   VBuffers meta leídos: 12
2026-05-17 14:36:10 | ERROR | flver_parser:extract_geometry_for_gl:435 - No se extrajo geometría válida del FLVER
2026-05-17 14:37:33 | INFO | witchy_service:process_file:34 - WitchyBND procesando: lg_m_1360.partsbnd.dcx
2026-05-17 14:37:33 | INFO | witchy_service:process_file:45 - WitchyBND completado: lg_m_1360.partsbnd.dcx
2026-05-17 14:37:33 | INFO | witchy_service:process_file:34 - WitchyBND procesando: lg_m_1360-partsbnd-dcx
2026-05-17 14:37:42 | INFO | witchy_service:process_file:45 - WitchyBND completado: lg_m_1360-partsbnd-dcx
2026-05-17 14:37:42 | INFO | witchy_service:process_file:34 - WitchyBND procesando: lg_m_1360.partsbnd.dcx
2026-05-17 14:37:43 | INFO | witchy_service:process_file:45 - WitchyBND completado: lg_m_1360.partsbnd.dcx
2026-05-17 14:37:43 | INFO | witchy_service:process_file:34 - WitchyBND procesando: lg_m_1360-partsbnd-dcx
2026-05-17 14:37:52 | INFO | witchy_service:process_file:45 - WitchyBND completado: lg_m_1360-partsbnd-dcx
2026-05-17 14:37:52 | INFO | witchy_service:process_file:34 - WitchyBND procesando: lg_m_1360.partsbnd.dcx
2026-05-17 14:37:52 | INFO | witchy_service:process_file:45 - WitchyBND completado: lg_m_1360.partsbnd.dcx
2026-05-17 14:37:52 | INFO | witchy_service:process_file:34 - WitchyBND procesando: lg_m_1360-partsbnd-dcx
2026-05-17 14:38:02 | INFO | witchy_service:process_file:45 - WitchyBND completado: lg_m_1360-partsbnd-dcx
2026-05-17 14:38:09 | INFO | witchy_service:process_file:34 - WitchyBND procesando: lg_m_1360.partsbnd.dcx
2026-05-17 14:38:09 | INFO | witchy_service:process_file:45 - WitchyBND completado: lg_m_1360.partsbnd.dcx
2026-05-17 14:38:09 | INFO | witchy_service:process_file:34 - WitchyBND procesando: lg_m_1360-partsbnd-dcx
2026-05-17 14:38:18 | INFO | witchy_service:process_file:45 - WitchyBND completado: lg_m_1360-partsbnd-dcx
2026-05-17 14:38:18 | INFO | witchy_service:process_file:34 - WitchyBND procesando: lg_m_1360.partsbnd.dcx
2026-05-17 14:38:19 | INFO | witchy_service:process_file:45 - WitchyBND completado: lg_m_1360.partsbnd.dcx
2026-05-17 14:38:19 | INFO | witchy_service:process_file:34 - WitchyBND procesando: lg_m_1360-partsbnd-dcx
2026-05-17 14:38:28 | INFO | witchy_service:process_file:45 - WitchyBND completado: lg_m_1360-partsbnd-dcx
2026-05-17 14:38:28 | INFO | witchy_service:process_file:34 - WitchyBND procesando: lg_m_1360.partsbnd.dcx
2026-05-17 14:38:28 | INFO | witchy_service:process_file:45 - WitchyBND completado: lg_m_1360.partsbnd.dcx
2026-05-17 14:38:28 | INFO | witchy_service:process_file:34 - WitchyBND procesando: lg_m_1360-partsbnd-dcx
2026-05-17 14:38:38 | INFO | witchy_service:process_file:45 - WitchyBND completado: lg_m_1360-partsbnd-dcx
2026-05-17 14:38:47 | INFO | witchy_service:process_file:34 - WitchyBND procesando: lg_m_1391.partsbnd.dcx
2026-05-17 14:38:47 | INFO | witchy_service:process_file:45 - WitchyBND completado: lg_m_1391.partsbnd.dcx
2026-05-17 14:38:47 | INFO | main_window:_on_file_selected:187 - FLVER encontrado: ElfDGLG.flver. Iniciando parseo binario...
2026-05-17 14:38:47 | INFO | flver_parser:extract_geometry_for_gl:135 - FLVER v0x2001a: meshes=2, face_sets=2, vb_count=12, layouts=3, data_off=0x61b0
2026-05-17 14:38:47 | DEBUG | flver_parser:extract_geometry_for_gl:171 -   off_meshes=0x2ac0  off_facesets=0x2b20  off_vbuffers=0x2b60  off_layouts=0x2ce0
2026-05-17 14:38:47 | DEBUG | flver_parser:extract_geometry_for_gl:214 -   Layouts parseados: 3
2026-05-17 14:38:47 | DEBUG | flver_parser:extract_geometry_for_gl:247 -   VBuffers meta leídos: 12
2026-05-17 14:38:47 | ERROR | flver_parser:extract_geometry_for_gl:435 - No se extrajo geometría válida del FLVER
